client/src/pages/Transactions.tsx(1123,21): error TS2339: Property 'importExcel' does not exist on type 'UseQueryResult<any, Error>'.
  Property 'importExcel' does not exist on type 'QueryObserverRefetchErrorResult<any, Error>'.
server/auth.ts(110,18): error TS2551: Property 'returning' does not exist on type 'MySqlInsertBase<MySqlTableWithColumns<{ name: "users"; schema: undefined; columns: { id: MySqlColumn<{ name: "id"; tableName: "users"; dataType: "number"; columnType: "MySqlInt"; data: number; driverParam: string | number; notNull: true; hasDefault: true; ... 6 more ...; generated: undefined; }, {}, {}>; username: M...'. Did you mean '$returningId'?
server/import-customers.ts(45,10): error TS2339: Property 'onConflictDoNothing' does not exist on type 'MySqlInsertBase<MySqlTableWithColumns<{ name: "customers"; schema: undefined; columns: { id: MySqlColumn<{ name: "id"; tableName: "customers"; dataType: "number"; columnType: "MySqlInt"; data: number; driverParam: string | number; notNull: true; ... 7 more ...; generated: undefined; }, {}, {}>; ... 6 more ...; creat...'.
server/import-excel.ts(49,10): error TS2339: Property 'onConflictDoNothing' does not exist on type 'MySqlInsertBase<MySqlTableWithColumns<{ name: "suppliers"; schema: undefined; columns: { id: MySqlColumn<{ name: "id"; tableName: "suppliers"; dataType: "number"; columnType: "MySqlInt"; data: number; driverParam: string | number; notNull: true; ... 7 more ...; generated: undefined; }, {}, {}>; ... 5 more ...; creat...'.
server/import-transactions.ts(82,21): error TS2769: No overload matches this call.
  Overload 2 of 2, '(values: { warehouseId: number | SQL<unknown> | Placeholder<string, any>; purchaseDate: Date | SQL<unknown> | Placeholder<string, any>; supplierId: number | ... 1 more ... | Placeholder<...>; ... 6 more ...; dueDate?: Date | ... 3 more ... | undefined; }[]): MySqlInsertBase<...>', gave the following error.
    Object literal may only specify known properties, and 'purchaseDate' does not exist in type '{ warehouseId: number | SQL<unknown> | Placeholder<string, any>; purchaseDate: Date | SQL<unknown> | Placeholder<string, any>; supplierId: number | SQL<...> | Placeholder<...>; ... 6 more ...; dueDate?: Date | ... 3 more ... | undefined; }[]'.
server/import-transactions.ts(88,20): error TS2551: Property 'returning' does not exist on type 'MySqlInsertBase<MySqlTableWithColumns<{ name: "purchases"; schema: undefined; columns: { id: MySqlColumn<{ name: "id"; tableName: "purchases"; dataType: "number"; columnType: "MySqlInt"; data: number; driverParam: string | number; notNull: true; ... 7 more ...; generated: undefined; }, {}, {}>; ... 8 more ...; creat...'. Did you mean '$returningId'?
server/import-transactions.ts(196,21): error TS2769: No overload matches this call.
  Overload 2 of 2, '(values: { warehouseId: number | SQL<unknown> | Placeholder<string, any>; totalAmount: string | SQL<unknown> | Placeholder<string, any>; saleDate: Date | SQL<...> | Placeholder<...>; ... 14 more ...; igstAmount?: string | ... 3 more ... | undefined; }[]): MySqlInsertBase<...>', gave the following error.
    Object literal may only specify known properties, and 'saleDate' does not exist in type '{ warehouseId: number | SQL<unknown> | Placeholder<string, any>; totalAmount: string | SQL<unknown> | Placeholder<string, any>; saleDate: Date | SQL<...> | Placeholder<...>; ... 14 more ...; igstAmount?: string | ... 3 more ... | undefined; }[]'.
server/import-transactions.ts(206,20): error TS2551: Property 'returning' does not exist on type 'MySqlInsertBase<MySqlTableWithColumns<{ name: "sales"; schema: undefined; columns: { id: MySqlColumn<{ name: "id"; tableName: "sales"; dataType: "number"; columnType: "MySqlInt"; data: number; driverParam: string | number; notNull: true; hasDefault: true; ... 6 more ...; generated: undefined; }, {}, {}>; ... 16 more...'. Did you mean '$returningId'?
server/routes.ts(494,58): error TS2551: Property 'returning' does not exist on type 'MySqlInsertBase<any, MySql2QueryResultHKT, MySql2PreparedQueryHKT, undefined, false, never>'. Did you mean '$returningId'?
server/routes.ts(516,79): error TS2339: Property 'returning' does not exist on type 'Omit<MySqlUpdateBase<any, MySql2QueryResultHKT, MySql2PreparedQueryHKT, false, "where">, "where">'.
server/routes.ts(598,10): error TS2339: Property 'returning' does not exist on type 'Omit<MySqlUpdateBase<MySqlTableWithColumns<{ name: "items"; schema: undefined; columns: { id: MySqlColumn<{ name: "id"; tableName: "items"; dataType: "number"; columnType: "MySqlInt"; data: number; driverParam: string | number; notNull: true; ... 7 more ...; generated: undefined; }, {}, {}>; ... 7 more ...; createdA...'.
server/routes.ts(776,10): error TS2551: Property 'returning' does not exist on type 'MySqlInsertBase<MySqlTableWithColumns<{ name: "purchases"; schema: undefined; columns: { id: MySqlColumn<{ name: "id"; tableName: "purchases"; dataType: "number"; columnType: "MySqlInt"; data: number; driverParam: string | number; notNull: true; ... 7 more ...; generated: undefined; }, {}, {}>; ... 8 more ...; creat...'. Did you mean '$returningId'?
server/routes.ts(1121,10): error TS2551: Property 'returning' does not exist on type 'MySqlInsertBase<MySqlTableWithColumns<{ name: "sales"; schema: undefined; columns: { id: MySqlColumn<{ name: "id"; tableName: "sales"; dataType: "number"; columnType: "MySqlInt"; data: number; driverParam: string | number; notNull: true; hasDefault: true; ... 6 more ...; generated: undefined; }, {}, {}>; ... 16 more...'. Did you mean '$returningId'?
server/routes.ts(1440,10): error TS2551: Property 'returning' does not exist on type 'MySqlInsertBase<MySqlTableWithColumns<{ name: "supplier_payments"; schema: undefined; columns: { id: MySqlColumn<{ name: "id"; tableName: "supplier_payments"; dataType: "number"; columnType: "MySqlInt"; data: number; driverParam: string | number; ... 8 more ...; generated: undefined; }, {}, {}>; ... 8 more ...; crea...'. Did you mean '$returningId'?
server/routes.ts(1496,10): error TS2339: Property 'returning' does not exist on type 'Omit<MySqlUpdateBase<MySqlTableWithColumns<{ name: "supplier_payments"; schema: undefined; columns: { id: MySqlColumn<{ name: "id"; tableName: "supplier_payments"; dataType: "number"; columnType: "MySqlInt"; data: number; driverParam: string | number; ... 8 more ...; generated: undefined; }, {}, {}>; ... 8 more ...;...'.
server/routes.ts(1622,10): error TS2551: Property 'returning' does not exist on type 'MySqlInsertBase<MySqlTableWithColumns<{ name: "customer_payments"; schema: undefined; columns: { id: MySqlColumn<{ name: "id"; tableName: "customer_payments"; dataType: "number"; columnType: "MySqlInt"; data: number; driverParam: string | number; ... 8 more ...; generated: undefined; }, {}, {}>; ... 8 more ...; crea...'. Did you mean '$returningId'?
server/routes.ts(1678,10): error TS2339: Property 'returning' does not exist on type 'Omit<MySqlUpdateBase<MySqlTableWithColumns<{ name: "customer_payments"; schema: undefined; columns: { id: MySqlColumn<{ name: "id"; tableName: "customer_payments"; dataType: "number"; columnType: "MySqlInt"; data: number; driverParam: string | number; ... 8 more ...; generated: undefined; }, {}, {}>; ... 8 more ...;...'.
server/routes.ts(1793,10): error TS2551: Property 'returning' does not exist on type 'MySqlInsertBase<MySqlTableWithColumns<{ name: "stock_transfers"; schema: undefined; columns: { id: MySqlColumn<{ name: "id"; tableName: "stock_transfers"; dataType: "number"; columnType: "MySqlInt"; data: number; driverParam: string | number; ... 8 more ...; generated: undefined; }, {}, {}>; ... 7 more ...; createdA...'. Did you mean '$returningId'?
server/routes.ts(1933,43): error TS2339: Property 'returning' does not exist on type 'Omit<MySqlUpdateBase<MySqlTableWithColumns<{ name: "stock_transfers"; schema: undefined; columns: { id: MySqlColumn<{ name: "id"; tableName: "stock_transfers"; dataType: "number"; columnType: "MySqlInt"; data: number; driverParam: string | number; ... 8 more ...; generated: undefined; }, {}, {}>; ... 7 more ...; cre...'.
server/routes.ts(2373,33): error TS2769: No overload matches this call.
  Overload 1 of 3, '(left: MySqlColumn<{ name: "purchase_date"; tableName: "purchases"; dataType: "date"; columnType: "MySqlDate"; data: Date; driverParam: string | number; notNull: true; hasDefault: false; isPrimaryKey: false; ... 5 more ...; generated: undefined; }, {}, {}>, right: Date | SQLWrapper): SQL<...>', gave the following error.
    Argument of type 'string' is not assignable to parameter of type 'Date | SQLWrapper'.
  Overload 2 of 3, '(left: Aliased<string>, right: string | SQLWrapper): SQL<unknown>', gave the following error.
    Argument of type 'MySqlColumn<{ name: "purchase_date"; tableName: "purchases"; dataType: "date"; columnType: "MySqlDate"; data: Date; driverParam: string | number; notNull: true; hasDefault: false; isPrimaryKey: false; ... 5 more ...; generated: undefined; }, {}, {}>' is not assignable to parameter of type 'Aliased<string>'.
      Type 'MySqlColumn<{ name: "purchase_date"; tableName: "purchases"; dataType: "date"; columnType: "MySqlDate"; data: Date; driverParam: string | number; notNull: true; hasDefault: false; isPrimaryKey: false; ... 5 more ...; generated: undefined; }, {}, {}>' is missing the following properties from type 'Aliased<string>': sql, fieldAlias
  Overload 3 of 3, '(left: never, right: unknown): SQL<unknown>', gave the following error.
    Argument of type 'MySqlColumn<{ name: "purchase_date"; tableName: "purchases"; dataType: "date"; columnType: "MySqlDate"; data: Date; driverParam: string | number; notNull: true; hasDefault: false; isPrimaryKey: false; ... 5 more ...; generated: undefined; }, {}, {}>' is not assignable to parameter of type 'never'.
server/routes.ts(2374,33): error TS2769: No overload matches this call.
  Overload 1 of 3, '(left: MySqlColumn<{ name: "purchase_date"; tableName: "purchases"; dataType: "date"; columnType: "MySqlDate"; data: Date; driverParam: string | number; notNull: true; hasDefault: false; isPrimaryKey: false; ... 5 more ...; generated: undefined; }, {}, {}>, right: Date | SQLWrapper): SQL<...>', gave the following error.
    Argument of type 'string' is not assignable to parameter of type 'Date | SQLWrapper'.
  Overload 2 of 3, '(left: Aliased<string>, right: string | SQLWrapper): SQL<unknown>', gave the following error.
    Argument of type 'MySqlColumn<{ name: "purchase_date"; tableName: "purchases"; dataType: "date"; columnType: "MySqlDate"; data: Date; driverParam: string | number; notNull: true; hasDefault: false; isPrimaryKey: false; ... 5 more ...; generated: undefined; }, {}, {}>' is not assignable to parameter of type 'Aliased<string>'.
      Type 'MySqlColumn<{ name: "purchase_date"; tableName: "purchases"; dataType: "date"; columnType: "MySqlDate"; data: Date; driverParam: string | number; notNull: true; hasDefault: false; isPrimaryKey: false; ... 5 more ...; generated: undefined; }, {}, {}>' is missing the following properties from type 'Aliased<string>': sql, fieldAlias
  Overload 3 of 3, '(left: never, right: unknown): SQL<unknown>', gave the following error.
    Argument of type 'MySqlColumn<{ name: "purchase_date"; tableName: "purchases"; dataType: "date"; columnType: "MySqlDate"; data: Date; driverParam: string | number; notNull: true; hasDefault: false; isPrimaryKey: false; ... 5 more ...; generated: undefined; }, {}, {}>' is not assignable to parameter of type 'never'.
server/routes.ts(2395,28): error TS2769: No overload matches this call.
  Overload 1 of 3, '(left: MySqlColumn<{ name: "payment_date"; tableName: "supplier_payments"; dataType: "date"; columnType: "MySqlDate"; data: Date; driverParam: string | number; notNull: true; hasDefault: false; ... 6 more ...; generated: undefined; }, {}, {}>, right: Date | SQLWrapper): SQL<...>', gave the following error.
    Argument of type 'string' is not assignable to parameter of type 'Date | SQLWrapper'.
  Overload 2 of 3, '(left: Aliased<string>, right: string | SQLWrapper): SQL<unknown>', gave the following error.
    Argument of type 'MySqlColumn<{ name: "payment_date"; tableName: "supplier_payments"; dataType: "date"; columnType: "MySqlDate"; data: Date; driverParam: string | number; notNull: true; hasDefault: false; isPrimaryKey: false; ... 5 more ...; generated: undefined; }, {}, {}>' is not assignable to parameter of type 'Aliased<string>'.
      Type 'MySqlColumn<{ name: "payment_date"; tableName: "supplier_payments"; dataType: "date"; columnType: "MySqlDate"; data: Date; driverParam: string | number; notNull: true; hasDefault: false; isPrimaryKey: false; ... 5 more ...; generated: undefined; }, {}, {}>' is missing the following properties from type 'Aliased<string>': sql, fieldAlias
  Overload 3 of 3, '(left: never, right: unknown): SQL<unknown>', gave the following error.
    Argument of type 'MySqlColumn<{ name: "payment_date"; tableName: "supplier_payments"; dataType: "date"; columnType: "MySqlDate"; data: Date; driverParam: string | number; notNull: true; hasDefault: false; isPrimaryKey: false; ... 5 more ...; generated: undefined; }, {}, {}>' is not assignable to parameter of type 'never'.
server/routes.ts(2395,74): error TS2769: No overload matches this call.
  Overload 1 of 3, '(left: MySqlColumn<{ name: "payment_date"; tableName: "supplier_payments"; dataType: "date"; columnType: "MySqlDate"; data: Date; driverParam: string | number; notNull: true; hasDefault: false; ... 6 more ...; generated: undefined; }, {}, {}>, right: Date | SQLWrapper): SQL<...>', gave the following error.
    Argument of type 'string' is not assignable to parameter of type 'Date | SQLWrapper'.
  Overload 2 of 3, '(left: Aliased<string>, right: string | SQLWrapper): SQL<unknown>', gave the following error.
    Argument of type 'MySqlColumn<{ name: "payment_date"; tableName: "supplier_payments"; dataType: "date"; columnType: "MySqlDate"; data: Date; driverParam: string | number; notNull: true; hasDefault: false; isPrimaryKey: false; ... 5 more ...; generated: undefined; }, {}, {}>' is not assignable to parameter of type 'Aliased<string>'.
      Type 'MySqlColumn<{ name: "payment_date"; tableName: "supplier_payments"; dataType: "date"; columnType: "MySqlDate"; data: Date; driverParam: string | number; notNull: true; hasDefault: false; isPrimaryKey: false; ... 5 more ...; generated: undefined; }, {}, {}>' is missing the following properties from type 'Aliased<string>': sql, fieldAlias
  Overload 3 of 3, '(left: never, right: unknown): SQL<unknown>', gave the following error.
    Argument of type 'MySqlColumn<{ name: "payment_date"; tableName: "supplier_payments"; dataType: "date"; columnType: "MySqlDate"; data: Date; driverParam: string | number; notNull: true; hasDefault: false; isPrimaryKey: false; ... 5 more ...; generated: undefined; }, {}, {}>' is not assignable to parameter of type 'never'.
server/routes.ts(2455,35): error TS2365: Operator '<=' cannot be applied to types 'Date' and 'string'.
server/routes.ts(2521,35): error TS2365: Operator '>' cannot be applied to types 'Date' and 'string'.
server/routes.ts(2521,59): error TS2365: Operator '<=' cannot be applied to types 'Date' and 'string'.
server/routes.ts(2581,30): error TS2769: No overload matches this call.
  Overload 1 of 3, '(left: MySqlColumn<{ name: "sale_date"; tableName: "sales"; dataType: "date"; columnType: "MySqlDate"; data: Date; driverParam: string | number; notNull: true; hasDefault: false; isPrimaryKey: false; ... 5 more ...; generated: undefined; }, {}, {}>, right: Date | SQLWrapper): SQL<...>', gave the following error.
    Argument of type 'string' is not assignable to parameter of type 'Date | SQLWrapper'.
  Overload 2 of 3, '(left: Aliased<string>, right: string | SQLWrapper): SQL<unknown>', gave the following error.
    Argument of type 'MySqlColumn<{ name: "sale_date"; tableName: "sales"; dataType: "date"; columnType: "MySqlDate"; data: Date; driverParam: string | number; notNull: true; hasDefault: false; isPrimaryKey: false; ... 5 more ...; generated: undefined; }, {}, {}>' is not assignable to parameter of type 'Aliased<string>'.
      Type 'MySqlColumn<{ name: "sale_date"; tableName: "sales"; dataType: "date"; columnType: "MySqlDate"; data: Date; driverParam: string | number; notNull: true; hasDefault: false; isPrimaryKey: false; ... 5 more ...; generated: undefined; }, {}, {}>' is missing the following properties from type 'Aliased<string>': sql, fieldAlias
  Overload 3 of 3, '(left: never, right: unknown): SQL<unknown>', gave the following error.
    Argument of type 'MySqlColumn<{ name: "sale_date"; tableName: "sales"; dataType: "date"; columnType: "MySqlDate"; data: Date; driverParam: string | number; notNull: true; hasDefault: false; isPrimaryKey: false; ... 5 more ...; generated: undefined; }, {}, {}>' is not assignable to parameter of type 'never'.
server/routes.ts(2582,30): error TS2769: No overload matches this call.
  Overload 1 of 3, '(left: MySqlColumn<{ name: "sale_date"; tableName: "sales"; dataType: "date"; columnType: "MySqlDate"; data: Date; driverParam: string | number; notNull: true; hasDefault: false; isPrimaryKey: false; ... 5 more ...; generated: undefined; }, {}, {}>, right: Date | SQLWrapper): SQL<...>', gave the following error.
    Argument of type 'string' is not assignable to parameter of type 'Date | SQLWrapper'.
  Overload 2 of 3, '(left: Aliased<string>, right: string | SQLWrapper): SQL<unknown>', gave the following error.
    Argument of type 'MySqlColumn<{ name: "sale_date"; tableName: "sales"; dataType: "date"; columnType: "MySqlDate"; data: Date; driverParam: string | number; notNull: true; hasDefault: false; isPrimaryKey: false; ... 5 more ...; generated: undefined; }, {}, {}>' is not assignable to parameter of type 'Aliased<string>'.
      Type 'MySqlColumn<{ name: "sale_date"; tableName: "sales"; dataType: "date"; columnType: "MySqlDate"; data: Date; driverParam: string | number; notNull: true; hasDefault: false; isPrimaryKey: false; ... 5 more ...; generated: undefined; }, {}, {}>' is missing the following properties from type 'Aliased<string>': sql, fieldAlias
  Overload 3 of 3, '(left: never, right: unknown): SQL<unknown>', gave the following error.
    Argument of type 'MySqlColumn<{ name: "sale_date"; tableName: "sales"; dataType: "date"; columnType: "MySqlDate"; data: Date; driverParam: string | number; notNull: true; hasDefault: false; isPrimaryKey: false; ... 5 more ...; generated: undefined; }, {}, {}>' is not assignable to parameter of type 'never'.
server/routes.ts(2603,28): error TS2769: No overload matches this call.
  Overload 1 of 3, '(left: MySqlColumn<{ name: "payment_date"; tableName: "customer_payments"; dataType: "date"; columnType: "MySqlDate"; data: Date; driverParam: string | number; notNull: true; hasDefault: false; ... 6 more ...; generated: undefined; }, {}, {}>, right: Date | SQLWrapper): SQL<...>', gave the following error.
    Argument of type 'string' is not assignable to parameter of type 'Date | SQLWrapper'.
  Overload 2 of 3, '(left: Aliased<string>, right: string | SQLWrapper): SQL<unknown>', gave the following error.
    Argument of type 'MySqlColumn<{ name: "payment_date"; tableName: "customer_payments"; dataType: "date"; columnType: "MySqlDate"; data: Date; driverParam: string | number; notNull: true; hasDefault: false; isPrimaryKey: false; ... 5 more ...; generated: undefined; }, {}, {}>' is not assignable to parameter of type 'Aliased<string>'.
      Type 'MySqlColumn<{ name: "payment_date"; tableName: "customer_payments"; dataType: "date"; columnType: "MySqlDate"; data: Date; driverParam: string | number; notNull: true; hasDefault: false; isPrimaryKey: false; ... 5 more ...; generated: undefined; }, {}, {}>' is missing the following properties from type 'Aliased<string>': sql, fieldAlias
  Overload 3 of 3, '(left: never, right: unknown): SQL<unknown>', gave the following error.
    Argument of type 'MySqlColumn<{ name: "payment_date"; tableName: "customer_payments"; dataType: "date"; columnType: "MySqlDate"; data: Date; driverParam: string | number; notNull: true; hasDefault: false; isPrimaryKey: false; ... 5 more ...; generated: undefined; }, {}, {}>' is not assignable to parameter of type 'never'.
server/routes.ts(2603,74): error TS2769: No overload matches this call.
  Overload 1 of 3, '(left: MySqlColumn<{ name: "payment_date"; tableName: "customer_payments"; dataType: "date"; columnType: "MySqlDate"; data: Date; driverParam: string | number; notNull: true; hasDefault: false; ... 6 more ...; generated: undefined; }, {}, {}>, right: Date | SQLWrapper): SQL<...>', gave the following error.
    Argument of type 'string' is not assignable to parameter of type 'Date | SQLWrapper'.
  Overload 2 of 3, '(left: Aliased<string>, right: string | SQLWrapper): SQL<unknown>', gave the following error.
    Argument of type 'MySqlColumn<{ name: "payment_date"; tableName: "customer_payments"; dataType: "date"; columnType: "MySqlDate"; data: Date; driverParam: string | number; notNull: true; hasDefault: false; isPrimaryKey: false; ... 5 more ...; generated: undefined; }, {}, {}>' is not assignable to parameter of type 'Aliased<string>'.
      Type 'MySqlColumn<{ name: "payment_date"; tableName: "customer_payments"; dataType: "date"; columnType: "MySqlDate"; data: Date; driverParam: string | number; notNull: true; hasDefault: false; isPrimaryKey: false; ... 5 more ...; generated: undefined; }, {}, {}>' is missing the following properties from type 'Aliased<string>': sql, fieldAlias
  Overload 3 of 3, '(left: never, right: unknown): SQL<unknown>', gave the following error.
    Argument of type 'MySqlColumn<{ name: "payment_date"; tableName: "customer_payments"; dataType: "date"; columnType: "MySqlDate"; data: Date; driverParam: string | number; notNull: true; hasDefault: false; isPrimaryKey: false; ... 5 more ...; generated: undefined; }, {}, {}>' is not assignable to parameter of type 'never'.
server/routes.ts(2654,35): error TS2365: Operator '<=' cannot be applied to types 'Date' and 'string'.
server/routes.ts(2705,35): error TS2365: Operator '>' cannot be applied to types 'Date' and 'string'.
server/routes.ts(2705,59): error TS2365: Operator '<=' cannot be applied to types 'Date' and 'string'.
server/routes.ts(2755,10): error TS2551: Property 'returning' does not exist on type 'MySqlInsertBase<MySqlTableWithColumns<{ name: "bom_recipes"; schema: undefined; columns: { id: MySqlColumn<{ name: "id"; tableName: "bom_recipes"; dataType: "number"; columnType: "MySqlInt"; data: number; driverParam: string | number; notNull: true; ... 7 more ...; generated: undefined; }, {}, {}>; ... 4 more ...; c...'. Did you mean '$returningId'?
server/routes.ts(2800,10): error TS2339: Property 'returning' does not exist on type 'Omit<MySqlUpdateBase<MySqlTableWithColumns<{ name: "bom_recipes"; schema: undefined; columns: { id: MySqlColumn<{ name: "id"; tableName: "bom_recipes"; dataType: "number"; columnType: "MySqlInt"; data: number; driverParam: string | number; ... 8 more ...; generated: undefined; }, {}, {}>; ... 4 more ...; createdAt: ...'.
server/routes.ts(2893,10): error TS2551: Property 'returning' does not exist on type 'MySqlInsertBase<MySqlTableWithColumns<{ name: "production_runs"; schema: undefined; columns: { id: MySqlColumn<{ name: "id"; tableName: "production_runs"; dataType: "number"; columnType: "MySqlInt"; data: number; driverParam: string | number; ... 8 more ...; generated: undefined; }, {}, {}>; ... 8 more ...; createdA...'. Did you mean '$returningId'?
server/routes.ts(3126,12): error TS2339: Property 'returning' does not exist on type 'Omit<MySqlUpdateBase<MySqlTableWithColumns<{ name: "production_runs"; schema: undefined; columns: { id: MySqlColumn<{ name: "id"; tableName: "production_runs"; dataType: "number"; columnType: "MySqlInt"; data: number; driverParam: string | number; ... 8 more ...; generated: undefined; }, {}, {}>; ... 8 more ...; cre...'.
server/routes.ts(3276,12): error TS2551: Property 'returning' does not exist on type 'MySqlInsertBase<MySqlTableWithColumns<{ name: "admin_settings"; schema: undefined; columns: { id: MySqlColumn<{ name: "id"; tableName: "admin_settings"; dataType: "number"; columnType: "MySqlInt"; data: number; driverParam: string | number; ... 8 more ...; generated: undefined; }, {}, {}>; ... 11 more ...; updatedAt...'. Did you mean '$returningId'?
server/routes.ts(3290,69): error TS2551: Property 'returning' does not exist on type 'MySqlInsertBase<MySqlTableWithColumns<{ name: "admin_settings"; schema: undefined; columns: { id: MySqlColumn<{ name: "id"; tableName: "admin_settings"; dataType: "number"; columnType: "MySqlInt"; data: number; driverParam: string | number; ... 8 more ...; generated: undefined; }, {}, {}>; ... 11 more ...; updatedAt...'. Did you mean '$returningId'?
server/routes.ts(3295,12): error TS2339: Property 'returning' does not exist on type 'Omit<MySqlUpdateBase<MySqlTableWithColumns<{ name: "admin_settings"; schema: undefined; columns: { id: MySqlColumn<{ name: "id"; tableName: "admin_settings"; dataType: "number"; columnType: "MySqlInt"; data: number; driverParam: string | number; ... 8 more ...; generated: undefined; }, {}, {}>; ... 11 more ...; upda...'.
server/routes.ts(3442,79): error TS2339: Property 'where' does not exist on type 'Omit<MySqlDeleteBase<MySqlTableWithColumns<{ name: "stock_ledger"; schema: undefined; columns: { id: MySqlColumn<{ name: "id"; tableName: "stock_ledger"; dataType: "number"; columnType: "MySqlInt"; data: number; driverParam: string | number; ... 8 more ...; generated: undefined; }, {}, {}>; ... 5 more ...; createdAt...'.
server/routes.ts(3445,79): error TS2339: Property 'where' does not exist on type 'Omit<MySqlDeleteBase<MySqlTableWithColumns<{ name: "stock_ledger"; schema: undefined; columns: { id: MySqlColumn<{ name: "id"; tableName: "stock_ledger"; dataType: "number"; columnType: "MySqlInt"; data: number; driverParam: string | number; ... 8 more ...; generated: undefined; }, {}, {}>; ... 5 more ...; createdAt...'.
server/routes.ts(3448,79): error TS2339: Property 'where' does not exist on type 'Omit<MySqlDeleteBase<MySqlTableWithColumns<{ name: "stock_ledger"; schema: undefined; columns: { id: MySqlColumn<{ name: "id"; tableName: "stock_ledger"; dataType: "number"; columnType: "MySqlInt"; data: number; driverParam: string | number; ... 8 more ...; generated: undefined; }, {}, {}>; ... 5 more ...; createdAt...'.
server/storage.ts(22,10): error TS2551: Property 'returning' does not exist on type 'MySqlInsertBase<MySqlTableWithColumns<{ name: "categories"; schema: undefined; columns: { id: MySqlColumn<{ name: "id"; tableName: "categories"; dataType: "number"; columnType: "MySqlInt"; data: number; driverParam: string | number; notNull: true; ... 7 more ...; generated: undefined; }, {}, {}>; name: MySqlColumn<....'. Did you mean '$returningId'?
server/storage.ts(35,10): error TS2339: Property 'returning' does not exist on type 'Omit<MySqlUpdateBase<MySqlTableWithColumns<{ name: "categories"; schema: undefined; columns: { id: MySqlColumn<{ name: "id"; tableName: "categories"; dataType: "number"; columnType: "MySqlInt"; data: number; driverParam: string | number; notNull: true; ... 7 more ...; generated: undefined; }, {}, {}>; name: MySqlCol...'.
server/storage.ts(68,67): error TS2551: Property 'returning' does not exist on type 'MySqlInsertBase<MySqlTableWithColumns<{ name: "units_of_measure"; schema: undefined; columns: { id: MySqlColumn<{ name: "id"; tableName: "units_of_measure"; dataType: "number"; columnType: "MySqlInt"; data: number; driverParam: string | number; ... 8 more ...; generated: undefined; }, {}, {}>; name: MySqlColumn<...>...'. Did you mean '$returningId'?
server/storage/production.ts(52,9): error TS2769: No overload matches this call.
  Overload 1 of 2, '(value: { outputItemId: number | SQL<unknown> | Placeholder<string, any>; outputQuantity: string | SQL<unknown> | Placeholder<string, any>; productionDate: Date | ... 1 more ... | Placeholder<...>; ... 6 more ...; deletedAt?: Date | ... 3 more ... | undefined; }): MySqlInsertBase<...>', gave the following error.
    Type 'string' is not assignable to type 'Date | SQL<unknown> | Placeholder<string, any>'.
  Overload 2 of 2, '(values: { outputItemId: number | SQL<unknown> | Placeholder<string, any>; outputQuantity: string | SQL<unknown> | Placeholder<string, any>; productionDate: Date | ... 1 more ... | Placeholder<...>; ... 6 more ...; deletedAt?: Date | ... 3 more ... | undefined; }[]): MySqlInsertBase<...>', gave the following error.
    Object literal may only specify known properties, and 'productionDate' does not exist in type '{ outputItemId: number | SQL<unknown> | Placeholder<string, any>; outputQuantity: string | SQL<unknown> | Placeholder<string, any>; productionDate: Date | ... 1 more ... | Placeholder<...>; ... 6 more ...; deletedAt?: Date | ... 3 more ... | undefined; }[]'.
server/storage/production.ts(57,8): error TS2551: Property 'returning' does not exist on type 'MySqlInsertBase<MySqlTableWithColumns<{ name: "production_runs"; schema: undefined; columns: { id: MySqlColumn<{ name: "id"; tableName: "production_runs"; dataType: "number"; columnType: "MySqlInt"; data: number; driverParam: string | number; ... 8 more ...; generated: undefined; }, {}, {}>; ... 8 more ...; createdA...'. Did you mean '$returningId'?
server/storage/storage/production.ts(1,20): error TS2307: Cannot find module '../db' or its corresponding type declarations.
server/storage/storage/production.ts(5,8): error TS2307: Cannot find module '../../shared/schema' or its corresponding type declarations.
server/storage/storage/production.ts(27,38): error TS7006: Parameter 'tx' implicitly has an 'any' type.
server/storage/storage/stock.ts(1,20): error TS2307: Cannot find module '../db' or its corresponding type declarations.
server/storage/storage/stock.ts(2,29): error TS2307: Cannot find module '../../shared/schema' or its corresponding type declarations.
